// Jest Snapshot v1, https://goo.gl/fbAQLP
<<<<<<< HEAD
<<<<<<< HEAD
exports[`Nav component matches snapshot 1`] = `
=======

exports[`Nav component renders matches snapshot 1`] = `
>>>>>>> feature/contact
<DocumentFragment>
  <header
    class="flex-row px-1"
  >
    <h2>
      <a
        data-testid="link"
<<<<<<< HEAD
=======

exports[`Nav component matches snapshot 1`] = `
<DocumentFragment>
  <header>
    <h2>
      <a
>>>>>>> feature/react-tests
=======
>>>>>>> feature/contact
        href="/"
      >
        <span
          aria-label="camera"
          role="img"
        >
           ðŸ“¸
        </span>
         Oh Snap!
      </a>
    </h2>
    <nav>
      <ul
        class="flex-row"
      >
        <li
          class="mx-2"
        >
          <a
<<<<<<< HEAD
<<<<<<< HEAD
            data-testid="about"
=======
>>>>>>> feature/react-tests
=======
            data-testid="about"
>>>>>>> feature/contact
            href="#about"
          >
            About me
          </a>
        </li>
<<<<<<< HEAD
<<<<<<< HEAD
        <li
          class="mx-2"
        >
=======
        <li>
>>>>>>> feature/react-tests
=======
        <li
          class="mx-2 undefined"
        >
>>>>>>> feature/contact
          <span>
            Contact
          </span>
        </li>
<<<<<<< HEAD
<<<<<<< HEAD
=======
        <li
          class="mx-1"
        >
          <span>
            commercial
          </span>
        </li>
        <li
          class="mx-1"
        >
          <span>
            portraits
          </span>
        </li>
        <li
          class="mx-1"
        >
          <span>
            food
          </span>
        </li>
        <li
          class="mx-1"
        >
          <span>
            landscape
          </span>
        </li>
>>>>>>> feature/react-tests
=======
>>>>>>> feature/contact
      </ul>
    </nav>
  </header>
</DocumentFragment>
`;
